../application/source/crypto/dmr_crypto.c:36:6:dmr_crypto_make_nonce	8	static
../application/source/crypto/dmr_crypto.c:51:6:dmr_crypto_tx_init	24	static
../application/source/crypto/dmr_crypto.c:59:6:dmr_crypto_tx_clear	0	static
../application/source/crypto/dmr_crypto.c:60:6:dmr_crypto_tx_active	0	static
../application/source/crypto/dmr_crypto.c:62:6:dmr_crypto_rx_init	24	static
../application/source/crypto/dmr_crypto.c:70:6:dmr_crypto_rx_clear	0	static
../application/source/crypto/dmr_crypto.c:71:6:dmr_crypto_rx_active	0	static
../application/source/crypto/dmr_crypto.c:73:6:dmr_crypto_tx_frame	24	static
../application/source/crypto/dmr_crypto.c:81:6:dmr_crypto_rx_frame	24	static
