../application/source/crypto/dmr_crypto.c:62:17:rng_word	16	static
../application/source/crypto/dmr_crypto.c:88:6:dmr_crypto_make_nonce	16	static
../application/source/crypto/dmr_crypto.c:100:6:dmr_crypto_tx_init	32	static
../application/source/crypto/dmr_crypto.c:109:6:dmr_crypto_tx_clear	0	static
../application/source/crypto/dmr_crypto.c:110:6:dmr_crypto_tx_active	0	static
../application/source/crypto/dmr_crypto.c:112:6:dmr_crypto_rx_init	32	static
../application/source/crypto/dmr_crypto.c:121:6:dmr_crypto_rx_clear	0	static
../application/source/crypto/dmr_crypto.c:122:6:dmr_crypto_rx_active	0	static
../application/source/crypto/dmr_crypto.c:132:6:dmr_crypto_tx_frame	32	static
../application/source/crypto/dmr_crypto.c:147:6:dmr_crypto_rx_frame	32	static
../application/source/crypto/dmr_crypto.c:195:6:aes_patch_engage_for_current_channel	192	static
../application/source/crypto/dmr_crypto.c:330:5:dmr_crypto_rx_should_decrypt_this_call	0	static
../application/source/crypto/dmr_crypto.c:338:10:aes_patch_lc_steal_make_tx_nonce	24	static
../application/source/crypto/dmr_crypto.c:371:6:aes_patch_lc_steal_apply_tx	8	static
../application/source/crypto/dmr_crypto.c:395:6:aes_patch_lc_steal_check_and_apply_rx	16	static
