../application/source/crypto/key_storage.c:25:13:ensure_loaded	24	static
../application/source/crypto/key_storage.c:47:6:keystore_init	0	static
../application/source/crypto/key_storage.c:49:6:keystore_save	0	static
../application/source/crypto/key_storage.c:55:18:keystore_get	8	static
../application/source/crypto/key_storage.c:62:12:keystore_get_mut	0	static
../application/source/crypto/key_storage.c:69:6:keystore_clear	16	static
../application/source/crypto/key_storage.c:79:5:keystore_is_set	8	static
