../application/source/functions/trx.c:965:13:trxUpdateC6000Calibration	16	static
../application/source/functions/trx.c:973:13:trxUpdateRadioCalibration	8	static
../application/source/functions/trx.c:209:9:trxGetAnalogFilterLevel	0	static
../application/source/functions/trx.c:214:6:trxSetAnalogFilterLevel	0	static
../application/source/functions/trx.c:219:5:trxGetMode	0	static
../application/source/functions/trx.c:224:6:trxGetBandwidthIs25kHz	0	static
../application/source/functions/trx.c:229:6:trxSetModeAndBandwidth	24	static
../application/source/functions/trx.c:308:10:trxGetNextOrPrevBandFromFrequency	0	static
../application/source/functions/trx.c:344:10:trxGetBandFromFrequency	0	static
../application/source/functions/trx.c:357:6:trxCheckFrequencyInAmateurBand	0	static
../application/source/functions/trx.c:376:6:trxReadVoxAndMicStrength	0	static
../application/source/functions/trx.c:383:6:trxPostponeReadRSSIAndNoise	0	static
../application/source/functions/trx.c:389:6:trxReadRSSIAndNoise	8	static
../application/source/functions/trx.c:398:6:trxCarrierDetected	8	static
../application/source/functions/trx.c:429:6:trxCheckDigitalSquelch	16	static
../application/source/functions/trx.c:474:6:trxTerminateCheckAnalogSquelch	8	static
../application/source/functions/trx.c:638:6:trxResetSquelchesState	0	static
../application/source/functions/trx.c:716:10:trxGetFrequency	0	static
../application/source/functions/trx.c:756:6:trxActivateRx	16	static
../application/source/functions/trx.c:726:6:trxSetRX	0	static
../application/source/functions/trx.c:644:6:trxSetFrequency	24	static
../application/source/functions/trx.c:771:6:trxActivateTx	8	static
../application/source/functions/trx.c:790:6:trxActivateDMRTx	8	static
../application/source/functions/trx.c:799:6:trxFastDMRTx	0	static
../application/source/functions/trx.c:804:6:trxSetPowerFromLevel	0	static
../application/source/functions/trx.c:809:6:trxUpdate_PA_DAC_Drive	0	static
../application/source/functions/trx.c:734:6:trxConfigurePA_DAC_ForFrequencyBand	8	static
../application/source/functions/trx.c:744:6:trxSetTX	8	static
../application/source/functions/trx.c:930:10:trxGetPA_DAC_Drive	0	static
../application/source/functions/trx.c:935:9:trxGetPowerLevel	0	static
../application/source/functions/trx.c:940:6:trxCalcBandAndFrequencyOffset	0	static
../application/source/functions/trx.c:982:6:trxSetDMRColourCode	8	static
../application/source/functions/trx.c:993:9:trxGetDMRColourCode	0	static
../application/source/functions/trx.c:998:5:trxGetDMRTimeSlot	0	static
../application/source/functions/trx.c:1003:6:trxSetDMRTimeSlot	16	static
../application/source/functions/trx.c:1018:6:trxUpdateTsForCurrentChannelWithSpecifiedContact	8	static
../application/source/functions/trx.c:1067:6:trxSetTxCSS	8	static
../application/source/functions/trx.c:1089:6:trxSetRxCSS	16	static
../application/source/functions/trx.c:1122:6:trxCheckCSSFlag	8	static
../application/source/functions/trx.c:482:6:trxCheckAnalogSquelch	24	static
../application/source/functions/trx.c:1129:9:trxGetCalibrationVoiceGainTx	0	static
../application/source/functions/trx.c:1134:6:trxSetTone1	0	static
../application/source/functions/trx.c:1139:6:trxSetDTMF	0	static
../application/source/functions/trx.c:1147:6:trxDTMFoff	0	static
../application/source/functions/trx.c:1152:6:trxSetMicGainFM	0	static
../application/source/functions/trx.c:1157:6:trxEnableTransmission	8	static
../application/source/functions/trx.c:1164:6:trxDisableTransmission	8	static
../application/source/functions/trx.c:1171:6:trxPowerUpDownRxAndC6000	152	static
../application/source/functions/trx.c:1254:6:trxInvalidateCurrentFrequency	0	static
../application/source/functions/trx.c:1261:6:trxSelectVoiceChannel	0	static
../application/source/functions/trx.c:1266:6:trxRxAndTxOff	0	static
../application/source/functions/trx.c:1271:6:trxRxOn	0	static
../application/source/functions/trx.c:1288:5:trxGetRSSIdBm	0	static
../application/source/functions/trx.c:1307:5:trxGetNoisedBm	0	static
../application/source/functions/trx.c:1324:5:trxGetSNRMargindBm	8	static
../application/source/functions/trx.c:1329:9:trxGetSignalRaw	0	static
../application/source/functions/trx.c:1334:9:trxGetNoiseRaw	0	static
