../application/source/hardware/HR-C6000.c:2046:13:hrc6000InitDigitalState	0	static
../application/source/hardware/HR-C6000.c:352:13:hrc6000WriteSPIRegister0x04Multi	16	static
../application/source/hardware/HR-C6000.c:580:13:hrc6000CheckColourCodeFilter	8	static
../application/source/hardware/HR-C6000.c:1470:13:hrc6000TransitionToTx	8	static
../application/source/hardware/HR-C6000.c:460:20:hrc6000CrcIsValid	8	static
../application/source/hardware/HR-C6000.c:2189:13:hrc6000SendPcOrTgLCHeader	24	static
../application/source/hardware/HR-C6000.c:470:12:hrc6000GetTSTimeoutValue	0	static
../application/source/hardware/HR-C6000.c:488:20:hrc6000CheckTimeSlotFilter	16	static
../application/source/hardware/HR-C6000.c:2007:20:hrc6000RxInterruptHandler	0	static
../application/source/hardware/HR-C6000.c:1489:6:hrc6000TxBurstCallback	16	static
../application/source/hardware/HR-C6000.c:326:9:getCurrentTATxFlag	16	static
../application/source/hardware/HR-C6000.c:455:6:HRC6000SetMicGainDMR	0	static
../application/source/hardware/HR-C6000.c:519:6:HRC6000CheckTalkGroupFilter	8	static
../application/source/hardware/HR-C6000.c:2020:6:hrc6000TxInterruptHandler	8	static
../application/source/hardware/HR-C6000.c:2033:6:hrc6000SetInIRQHandler	0	static
../application/source/hardware/HR-C6000.c:2068:6:HRC6000InitInterrupts	8	static
../application/source/hardware/HR-C6000.c:2097:6:HRC6000ResetTimeSlotDetection	16	static
../application/source/hardware/HR-C6000.c:2164:6:HRC6000TerminateDigital	8	static
../application/source/hardware/HR-C6000.c:2674:6:HRC6000InitTask	16	static
../application/source/hardware/HR-C6000.c:2690:6:HRC6000ClearIsWakingState	0	static
../application/source/hardware/HR-C6000.c:2695:5:HRC6000GetIsWakingState	0	static
../application/source/hardware/HR-C6000.c:2700:6:HRC6000ClearActiveDMRID	0	static
../application/source/hardware/HR-C6000.c:1286:6:hrc6000SysInterruptHandler	64	static
../application/source/hardware/HR-C6000.c:2708:6:HRC6000ResyncTimeSlot	8	static
../application/source/hardware/HR-C6000.c:2744:10:HRC6000GetReceivedTgOrPcId	0	static
../application/source/hardware/HR-C6000.c:2749:10:HRC6000GetReceivedSrcId	0	static
../application/source/hardware/HR-C6000.c:2754:6:HRC6000ClearTimecodeSynchronisation	0	static
../application/source/hardware/HR-C6000.c:2759:6:HRC6000ClearColorCodeSynchronisation	0	static
../application/source/hardware/HR-C6000.c:2770:6:HRC6000SetTalkerAlias	0	static
../application/source/hardware/HR-C6000.c:2775:6:HRC6000SetTalkerAliasLocation	16	static
../application/source/hardware/HR-C6000.c:2793:6:HRC6000IRQHandlerIsRunning	0	static
../application/source/hardware/HR-C6000.c:2798:6:HRC6000HasGotSync	0	static
../application/source/hardware/HR-C6000.c:2803:6:HRC6000SetMicGainFM	0	static
../application/source/hardware/HR-C6000.c:2808:6:HRC6000SetFMTx	16	static
../application/source/hardware/HR-C6000.c:2880:6:HRC6000SetFMRx	8	static
../application/source/hardware/HR-C6000.c:2892:6:HRC6000SetDMR	8	static
../application/source/hardware/HR-C6000.c:2075:6:HRC6000InitDigitalDmrRx	8	static
../application/source/hardware/HR-C6000.c:1498:6:hrc6000TimeslotInterruptHandler	48	static
../application/source/hardware/HR-C6000.c:2130:6:HRC6000InitDigital	8	static
../application/source/hardware/HR-C6000.c:2650:13:hrc6000TaskFunction	8	static
../application/source/hardware/HR-C6000.c:2911:6:HRC6000SetTxCTCSS	8	static
../application/source/hardware/HR-C6000.c:2926:6:HRC6000SetTxDCS	16	static
../application/source/hardware/HR-C6000.c:2950:6:HRC6000SetRxDCS	16	static
../application/source/hardware/HR-C6000.c:2973:6:HRC6000SetRxCTCSS	8	static
../application/source/hardware/HR-C6000.c:2982:6:HRC6000CheckCSS	16	static
../application/source/hardware/HR-C6000.c:2991:6:HRC6000SetLineOut	0	static
../application/source/hardware/HR-C6000.c:2996:6:HRC6000SetMic	0	static
../application/source/hardware/HR-C6000.c:3001:6:HRC6000SetFmAudio	8	static
../application/source/hardware/HR-C6000.c:3015:6:HRC6000MuteFmAudio	0	static
../application/source/hardware/HR-C6000.c:3028:6:HRC6000GetTone1Config	0	static
../application/source/hardware/HR-C6000.c:3033:6:HRC6000SetTone1Config	0	static
../application/source/hardware/HR-C6000.c:3039:6:HRC6000SetDTMF	8	static
../application/source/hardware/HR-C6000.c:3080:6:HRC6000DTMFoff	8	static
../application/source/hardware/HR-C6000.c:3093:6:HRC6000SendTone	16	static
../application/source/hardware/HR-C6000.c:3108:6:HRC6000InitDTMF	8	static
../application/source/hardware/HR-C6000.c:362:6:HRC6000Init	136	static
../application/source/hardware/HR-C6000.c:3129:6:HRC6000SetDmrRxGain	8	static
../application/source/hardware/HR-C6000.c:437:6:HRC6000FlushMusic	136	static
../application/source/hardware/HR-C6000.c:3138:6:HRC6000SetDmrAGCGain	0	static
../application/source/hardware/HR-C6000.c:3144:6:HRC6000CCIsHeld	0	static
