../application/source/hardware/HR-C6000.c:2039:13:hrc6000InitDigitalState	0	static
../application/source/hardware/HR-C6000.c:2182:13:hrc6000SendPcOrTgLCHeader	24	static
../application/source/hardware/HR-C6000.c:352:13:hrc6000WriteSPIRegister0x04Multi	16	static
../application/source/hardware/HR-C6000.c:580:13:hrc6000CheckColourCodeFilter	8	static
../application/source/hardware/HR-C6000.c:1463:13:hrc6000TransitionToTx	8	static
../application/source/hardware/HR-C6000.c:460:20:hrc6000CrcIsValid	8	static
../application/source/hardware/HR-C6000.c:470:12:hrc6000GetTSTimeoutValue	0	static
../application/source/hardware/HR-C6000.c:488:20:hrc6000CheckTimeSlotFilter	16	static
../application/source/hardware/HR-C6000.c:2000:20:hrc6000RxInterruptHandler	0	static
../application/source/hardware/HR-C6000.c:1482:6:hrc6000TxBurstCallback	16	static
../application/source/hardware/HR-C6000.c:326:9:getCurrentTATxFlag	16	static
../application/source/hardware/HR-C6000.c:455:6:HRC6000SetMicGainDMR	0	static
../application/source/hardware/HR-C6000.c:519:6:HRC6000CheckTalkGroupFilter	8	static
../application/source/hardware/HR-C6000.c:2013:6:hrc6000TxInterruptHandler	8	static
../application/source/hardware/HR-C6000.c:2026:6:hrc6000SetInIRQHandler	0	static
../application/source/hardware/HR-C6000.c:2061:6:HRC6000InitInterrupts	8	static
../application/source/hardware/HR-C6000.c:2090:6:HRC6000ResetTimeSlotDetection	16	static
../application/source/hardware/HR-C6000.c:2157:6:HRC6000TerminateDigital	8	static
../application/source/hardware/HR-C6000.c:2664:6:HRC6000InitTask	16	static
../application/source/hardware/HR-C6000.c:2680:6:HRC6000ClearIsWakingState	0	static
../application/source/hardware/HR-C6000.c:2685:5:HRC6000GetIsWakingState	0	static
../application/source/hardware/HR-C6000.c:2690:6:HRC6000ClearActiveDMRID	0	static
../application/source/hardware/HR-C6000.c:1279:6:hrc6000SysInterruptHandler	64	static
../application/source/hardware/HR-C6000.c:2698:6:HRC6000ResyncTimeSlot	8	static
../application/source/hardware/HR-C6000.c:2734:10:HRC6000GetReceivedTgOrPcId	0	static
../application/source/hardware/HR-C6000.c:2739:10:HRC6000GetReceivedSrcId	0	static
../application/source/hardware/HR-C6000.c:2744:6:HRC6000ClearTimecodeSynchronisation	0	static
../application/source/hardware/HR-C6000.c:2749:6:HRC6000ClearColorCodeSynchronisation	0	static
../application/source/hardware/HR-C6000.c:2760:6:HRC6000SetTalkerAlias	0	static
../application/source/hardware/HR-C6000.c:2765:6:HRC6000SetTalkerAliasLocation	16	static
../application/source/hardware/HR-C6000.c:2783:6:HRC6000IRQHandlerIsRunning	0	static
../application/source/hardware/HR-C6000.c:2788:6:HRC6000HasGotSync	0	static
../application/source/hardware/HR-C6000.c:2793:6:HRC6000SetMicGainFM	0	static
../application/source/hardware/HR-C6000.c:2798:6:HRC6000SetFMTx	16	static
../application/source/hardware/HR-C6000.c:2870:6:HRC6000SetFMRx	8	static
../application/source/hardware/HR-C6000.c:2882:6:HRC6000SetDMR	8	static
../application/source/hardware/HR-C6000.c:2068:6:HRC6000InitDigitalDmrRx	8	static
../application/source/hardware/HR-C6000.c:1491:6:hrc6000TimeslotInterruptHandler	48	static
../application/source/hardware/HR-C6000.c:2123:6:HRC6000InitDigital	8	static
../application/source/hardware/HR-C6000.c:2640:13:hrc6000TaskFunction	8	static
../application/source/hardware/HR-C6000.c:2901:6:HRC6000SetTxCTCSS	8	static
../application/source/hardware/HR-C6000.c:2916:6:HRC6000SetTxDCS	16	static
../application/source/hardware/HR-C6000.c:2940:6:HRC6000SetRxDCS	16	static
../application/source/hardware/HR-C6000.c:2963:6:HRC6000SetRxCTCSS	8	static
../application/source/hardware/HR-C6000.c:2972:6:HRC6000CheckCSS	16	static
../application/source/hardware/HR-C6000.c:2981:6:HRC6000SetLineOut	0	static
../application/source/hardware/HR-C6000.c:2986:6:HRC6000SetMic	0	static
../application/source/hardware/HR-C6000.c:2991:6:HRC6000SetFmAudio	8	static
../application/source/hardware/HR-C6000.c:3005:6:HRC6000MuteFmAudio	0	static
../application/source/hardware/HR-C6000.c:3018:6:HRC6000GetTone1Config	0	static
../application/source/hardware/HR-C6000.c:3023:6:HRC6000SetTone1Config	0	static
../application/source/hardware/HR-C6000.c:3029:6:HRC6000SetDTMF	8	static
../application/source/hardware/HR-C6000.c:3070:6:HRC6000DTMFoff	8	static
../application/source/hardware/HR-C6000.c:3083:6:HRC6000SendTone	16	static
../application/source/hardware/HR-C6000.c:3098:6:HRC6000InitDTMF	8	static
../application/source/hardware/HR-C6000.c:362:6:HRC6000Init	136	static
../application/source/hardware/HR-C6000.c:3119:6:HRC6000SetDmrRxGain	8	static
../application/source/hardware/HR-C6000.c:437:6:HRC6000FlushMusic	136	static
../application/source/hardware/HR-C6000.c:3128:6:HRC6000SetDmrAGCGain	0	static
../application/source/hardware/HR-C6000.c:3134:6:HRC6000CCIsHeld	0	static
