../application/source/user_interface/uiChannelMode.c:3096:13:quicksortChannelByDistance	40	static
../application/source/user_interface/uiChannelMode.c:127:13:checkChannelLocation	24	static
../application/source/user_interface/uiChannelMode.c:2808:13:updateTrxID	8	static
../application/source/user_interface/uiChannelMode.c:2158:13:updateQuickMenuScreen	104	static
../application/source/user_interface/uiChannelMode.c:3140:13:initSortedChannels.part.0	728	static
../application/source/user_interface/uiChannelMode.c:2120:13:validateOverwriteChannel	56	static
../application/source/user_interface/uiChannelMode.c:2742:13:scanStart	24	static
../application/source/user_interface/uiChannelMode.c:615:6:uiChannelModeLoadChannelData	112	static
../application/source/user_interface/uiChannelMode.c:798:6:uiChannelModeUpdateScreen	112	static
../application/source/user_interface/uiChannelMode.c:440:13:hidesChannelDetails	8	static
../application/source/user_interface/uiChannelMode.c:1895:13:handleUpKey.isra	24	static
../application/source/user_interface/uiChannelMode.c:1981:13:handleDownKey.isra	24	static
../application/source/user_interface/uiChannelMode.c:3044:6:uiChannelModeStopScanning	16	static
../application/source/user_interface/uiChannelMode.c:3006:13:scanStop	24	static
../application/source/user_interface/uiChannelMode.c:2072:14:uiChannelModeQuickMenu	48	static
../application/source/user_interface/uiChannelMode.c:3071:6:uiChannelModeIsScanning	0	static
../application/source/user_interface/uiChannelMode.c:3076:6:uiChannelModeColdStart	0	static
../application/source/user_interface/uiChannelMode.c:3082:6:uiChannelInitializeCurrentZone	16	static
../application/source/user_interface/uiChannelMode.c:257:14:uiChannelMode	96	static
