../application/source/user_interface/uiUtilities.c:1175:13:dmrDbTextDecode	24	static
../application/source/user_interface/uiUtilities.c:1082:13:dmrIDReadContactInFlash	4	static
../application/source/user_interface/uiUtilities.c:2845:22:announceVFOChannelName	8	static
../application/source/user_interface/uiUtilities.c:2577:22:announceZoneName	32	static
../application/source/user_interface/uiUtilities.c:2628:22:announceContactNameTgOrPc	40	static
../application/source/user_interface/uiUtilities.c:2745:22:announceTS	8	static
../application/source/user_interface/uiUtilities.c:2758:22:announceCC	8	static
../application/source/user_interface/uiUtilities.c:3772:13:dtmfStopLocalTone	8	static
../application/source/user_interface/uiUtilities.c:2561:22:announceRadioMode	16	static
../application/source/user_interface/uiUtilities.c:3515:10:cssGetToneFromIndex.part.0	0	static
../application/source/user_interface/uiUtilities.c:2811:13:announceQRG.constprop	40	static
../application/source/user_interface/uiUtilities.c:2248:13:drawHeaderBar.constprop	16	static
../application/source/user_interface/uiUtilities.c:101:6:tsSetManualOverride	0	static
../application/source/user_interface/uiUtilities.c:119:6:tsSetFromContactOverride	0	static
../application/source/user_interface/uiUtilities.c:134:8:tsGetManualOverride	0	static
../application/source/user_interface/uiUtilities.c:141:8:tsGetManualOverrideFromCurrentChannel	0	static
../application/source/user_interface/uiUtilities.c:152:6:tsIsManualOverridden	0	static
../application/source/user_interface/uiUtilities.c:159:6:tsSetContactHasBeenOverriden	0	static
../application/source/user_interface/uiUtilities.c:177:6:tsIsContactHasBeenOverriddenFromCurrentChannel	0	static
../application/source/user_interface/uiUtilities.c:187:6:tsIsContactHasBeenOverridden	0	static
../application/source/user_interface/uiUtilities.c:222:7:chomp	8	static
../application/source/user_interface/uiUtilities.c:1396:13:displaySplitOrSpanText.part.0.constprop	80	static
../application/source/user_interface/uiUtilities.c:258:9:getFirstSpacePos	0	static
../application/source/user_interface/uiUtilities.c:276:6:getCallsignOnly	16	static
../application/source/user_interface/uiUtilities.c:301:6:lastHeardInitList	20	static
../application/source/user_interface/uiUtilities.c:341:13:lastHeardFindInList	0	static
../application/source/user_interface/uiUtilities.c:192:6:isQSODataAvailableForCurrentTalker	8	static
../application/source/user_interface/uiUtilities.c:358:10:coordsToMaidenhead	24	static
../application/source/user_interface/uiUtilities.c:437:6:buildLocationAndMaidenheadStrings	80	static
../application/source/user_interface/uiUtilities.c:474:8:latLonFixed24ToDouble	16	static
../application/source/user_interface/uiUtilities.c:486:10:latLonDoubleToFixed24	32	static
../application/source/user_interface/uiUtilities.c:500:8:latLonFixed32ToDouble	16	static
../application/source/user_interface/uiUtilities.c:512:10:latLonDoubleToFixed32	32	static
../application/source/user_interface/uiUtilities.c:531:8:distanceBetweenTwoCoords	88	static
../application/source/user_interface/uiUtilities.c:526:8:distanceToLocation	32	static
../application/source/user_interface/uiUtilities.c:560:8:courseTo	64	static
../application/source/user_interface/uiUtilities.c:702:6:lastHeardClearLastID	8	static
../application/source/user_interface/uiUtilities.c:824:6:lastHeardClearWorkingTAData	8	static
../application/source/user_interface/uiUtilities.c:1165:6:dmrIDCacheClear	0	static
../application/source/user_interface/uiUtilities.c:1098:6:dmrIDCacheInit	112	static
../application/source/user_interface/uiUtilities.c:1170:10:dmrIDCacheGetCount	0	static
../application/source/user_interface/uiUtilities.c:1213:6:dmrIDLookup	104	static
../application/source/user_interface/uiUtilities.c:1350:6:contactIDLookup	48	static
../application/source/user_interface/uiUtilities.c:711:13:updateLHItem	120	static
../application/source/user_interface/uiUtilities.c:832:6:lastHeardListUpdate	64	static
../application/source/user_interface/uiUtilities.c:2267:6:uiUtilityDrawRSSIBarGraph	24	static
../application/source/user_interface/uiUtilities.c:2326:6:uiUtilityDrawFMMicLevelBarGraph	16	static
../application/source/user_interface/uiUtilities.c:2351:6:uiUtilityDrawDMRMicLevelBarGraph	16	static
../application/source/user_interface/uiUtilities.c:2357:6:setOverrideTGorPC	0	static
../application/source/user_interface/uiUtilities.c:2452:8:dcsPrintf	16	static
../application/source/user_interface/uiUtilities.c:1569:6:uiUtilityDisplayInformation	72	static
../application/source/user_interface/uiUtilities.c:1368:13:displayChannelNameOrRxFrequency.constprop	16	static
../application/source/user_interface/uiUtilities.c:1485:13:displayContactTextInfos	80	static
../application/source/user_interface/uiUtilities.c:1744:6:uiUtilityRenderQSOData	88	static
../application/source/user_interface/uiUtilities.c:2457:6:freqEnterReset	0	static
../application/source/user_interface/uiUtilities.c:2463:5:freqEnterRead	20	static
../application/source/user_interface/uiUtilities.c:2490:5:getBatteryPercentage	0	static
../application/source/user_interface/uiUtilities.c:2495:6:getBatteryVoltage	0	static
../application/source/user_interface/uiUtilities.c:2875:6:announceChar	16	static
../application/source/user_interface/uiUtilities.c:2889:6:buildCSSCodeVoicePrompts	32	static
../application/source/user_interface/uiUtilities.c:2941:6:announceCSSCode	32	static
../application/source/user_interface/uiUtilities.c:3119:6:promptsPlayNotAfterTx	8	static
../application/source/user_interface/uiUtilities.c:3127:6:uiUtilityBuildTgOrPCDisplayName	120	static
../application/source/user_interface/uiUtilities.c:3274:6:repeatVoicePromptOnSK1	8	static
../application/source/user_interface/uiUtilities.c:3308:6:handleMonitorMode	24	static
../application/source/user_interface/uiUtilities.c:3455:6:saveQuickkeyMenuIndex	8	static
../application/source/user_interface/uiUtilities.c:3466:6:saveQuickkeyMenuLongValue	8	static
../application/source/user_interface/uiUtilities.c:3474:6:saveQuickkeyContactIndex	8	static
../application/source/user_interface/uiUtilities.c:3480:9:cssGetToneIndex	12	static
../application/source/user_interface/uiUtilities.c:3515:10:cssGetToneFromIndex	0	static
../application/source/user_interface/uiUtilities.c:3537:6:cssIncrement	24	static
../application/source/user_interface/uiUtilities.c:3592:6:cssDecrement	24	static
../application/source/user_interface/uiUtilities.c:3655:6:uiQuickKeysShowChoices	32	static
../application/source/user_interface/uiUtilities.c:3680:6:uiQuickKeysIsStoring	0	static
../application/source/user_interface/uiUtilities.c:3685:6:uiQuickKeysStore	16	static
../application/source/user_interface/uiUtilities.c:3856:6:dtmfSequenceReset	0	static
../application/source/user_interface/uiUtilities.c:3863:6:dtmfSequenceIsKeying	0	static
../application/source/user_interface/uiUtilities.c:3868:6:dtmfSequencePrepare	8	static
../application/source/user_interface/uiUtilities.c:3895:6:dtmfSequenceStart	0	static
../application/source/user_interface/uiUtilities.c:3903:6:dtmfSequenceStop	0	static
../application/source/user_interface/uiUtilities.c:3909:6:dtmfSequenceTick	48	static
../application/source/user_interface/uiUtilities.c:4022:6:resetOriginalSettingsData	0	static
../application/source/user_interface/uiUtilities.c:4032:6:showErrorMessage	8	static
../application/source/user_interface/uiUtilities.c:4041:13:getPowerLevel	8	static
../application/source/user_interface/uiUtilities.c:2975:6:announceItemWithInit	80	static
../application/source/user_interface/uiUtilities.c:3114:6:announceItem	0	static
../application/source/user_interface/uiUtilities.c:2501:6:increasePowerLevel	16	static
../application/source/user_interface/uiUtilities.c:2531:6:decreasePowerLevel	24	static
../application/source/user_interface/uiUtilities.c:3191:6:acceptPrivateCall	16	static
../application/source/user_interface/uiUtilities.c:3212:6:rebuildVoicePromptOnExtraLongSK1	24	static
../application/source/user_interface/uiUtilities.c:4050:13:getPowerLevelUnit	0	static
../application/source/user_interface/uiUtilities.c:4155:12:gmtime_r_Custom	24	static
../application/source/user_interface/uiUtilities.c:4207:15:mktime_custom	72	static
../application/source/user_interface/uiUtilities.c:4228:15:getRtcTime_custom	72	static
../application/source/user_interface/uiUtilities.c:4249:6:setRtc_custom	80	static
../application/source/user_interface/uiUtilities.c:4443:5:sunriset	104	static
../application/source/user_interface/uiUtilities.c:4504:6:daytimeThemeChangeUpdate	8	static
../application/source/user_interface/uiUtilities.c:4055:6:uiSetUTCDateTimeInSecs	0	static
../application/source/user_interface/uiUtilities.c:4515:6:daytimeThemeApply	48	static
../application/source/user_interface/uiUtilities.c:4544:6:daytimeThemeTick	136	static
../application/source/user_interface/uiUtilities.c:4593:6:uiChannelModeOrVFOModeThemeDaytimeChange	16	static
../application/source/user_interface/uiUtilities.c:4639:6:txInhibitCheckAndWarn	24	static
../application/source/user_interface/uiUtilities.c:4667:6:isTransmittingIgnoringAPRSBeaconing	8	static
../application/source/user_interface/uiUtilities.c:1856:6:uiUtilityRenderHeader	120	static
../application/source/user_interface/uiUtilities.c:1733:6:uiUtilityRenderQSODataAndUpdateScreen	8	static
../application/source/user_interface/uiUtilities.c:2229:6:uiUtilityRedrawHeaderOnly	24	static
../application/source/user_interface/uiUtilities.c:2377:6:uiUtilityDisplayFrequency	88	static
../application/source/user_interface/uiUtilities.c:4673:10:cpuGetSignature	0	static
../application/source/user_interface/uiUtilities.c:4678:10:cpuGetRevision	0	static
../application/source/user_interface/uiUtilities.c:4683:10:cpuGetPackage	0	static
../application/source/user_interface/uiUtilities.c:4688:9:cpuGetFlashSize	0	static
