../application/source/user_interface/uiVFOMode.c:3896:13:clearNuisance	8	static
../application/source/user_interface/uiVFOMode.c:3394:13:setCurrentFreqToScanLimits	16	static
../application/source/user_interface/uiVFOMode.c:2217:13:vfoSweepDrawSample	32	static
../application/source/user_interface/uiVFOMode.c:2248:13:vfoSweepUpdateSamples	224	static
../application/source/user_interface/uiVFOMode.c:966:13:checkAndFixIndexInRxGroup	0	static
../application/source/user_interface/uiVFOMode.c:994:13:toggleAnalogBandwidth	8	static
../application/source/user_interface/uiVFOMode.c:2416:13:stepFrequency	24	static
../application/source/user_interface/uiVFOMode.c:2324:13:setSweepIncDecSetting	16	static
../application/source/user_interface/uiVFOMode.c:3364:13:updateTrxID	16	static
../application/source/user_interface/uiVFOMode.c:2627:13:updateQuickMenuScreen	120	static
../application/source/user_interface/uiVFOMode.c:3536:13:scanInit	24	static
../application/source/user_interface/uiVFOMode.c:2528:13:validateNewChannel	136	static
../application/source/user_interface/uiVFOMode.c:827:13:updateFrequency.constprop	24	static
../application/source/user_interface/uiVFOMode.c:778:6:uiVFOModeIsTXFocused	0	static
../application/source/user_interface/uiVFOMode.c:975:6:uiVFOLoadContact	0	static
../application/source/user_interface/uiVFOMode.c:868:6:uiVFOModeLoadChannelData	96	static
../application/source/user_interface/uiVFOMode.c:3297:6:uiVFOModeIsScanning	0	static
../application/source/user_interface/uiVFOMode.c:3302:6:uiVFOModeDualWatchIsScanning	8	static
../application/source/user_interface/uiVFOMode.c:3308:6:uiVFOModeSweepScanning	8	static
../application/source/user_interface/uiVFOMode.c:426:6:uiVFOModeUpdateScreen	96	static
../application/source/user_interface/uiVFOMode.c:2141:13:handleUpKey	24	static
../application/source/user_interface/uiVFOMode.c:783:6:uiVFOModeStopScanning	16	static
../application/source/user_interface/uiVFOMode.c:2481:14:uiVFOModeQuickMenu	56	static
../application/source/user_interface/uiVFOMode.c:119:14:uiVFOMode	72	static
../application/source/user_interface/uiVFOMode.c:3316:6:uiVFOModeFrequencyScanningIsActiveAndEnabled	16	static
../application/source/user_interface/uiVFOMode.c:3408:6:uiVFOSweepScanModePause	24	static
